atest2 depends on nothing
atest2.bashtemplate depends on atest2 atest2.one
atest2.before depends on atest2 atest2.one
atest2.complex_json_data depends on atest2
atest2.dash_named_table_dash_dash depends on atest2
atest2.expiration_test depends on atest2
atest2.extract_test_localdata_comma depends on atest2 atest2.test_local_tabbed_data
atest2.extract_test_localdata_comma_no_header depends on atest2 atest2.test_local_tabbed_data
atest2.extract_test_localdata_default depends on atest2 atest2.test_local_tabbed_data
atest2.extract_test_localdata_json depends on atest2 atest2.test_local_tabbed_data
atest2.extract_test_localdata_tab depends on atest2 atest2.test_local_tabbed_data
atest2.hourly_test depends on atest2
atest2.jsonupload depends on atest2
atest2.load_three depends on atest2 extract.atest2.three
atest2.mergelog_mini_sample depends on atest2
atest2.monthly_test depends on atest2
atest2.one depends on atest2 atest2.three atest2.two
atest2.parquet_upload depends on atest2
atest2.read_load_thread depends on atest2 atest2.load_three
atest2.test_ab depends on atest2
atest2.test_cd depends on atest2
atest2.test_csv depends on atest2
atest2.test_csv_read depends on atest2 atest2.test_csv
atest2.test_local_json_data depends on atest2
atest2.test_local_tabbed_data depends on atest2
atest2.test_parquet depends on atest2
atest2.test_unionview depends on atest2 atest2.test_ab atest2.test_cd
atest2.three depends on atest2
atest2.two depends on atest2
atest2.yearly_test depends on atest2
extract.atest2.extract_test_localdata_comma depends on atest2.extract_test_localdata_comma
extract.atest2.extract_test_localdata_comma_no_header depends on atest2.extract_test_localdata_comma_no_header
extract.atest2.extract_test_localdata_default depends on atest2.extract_test_localdata_default
extract.atest2.extract_test_localdata_json depends on atest2.extract_test_localdata_json
extract.atest2.extract_test_localdata_tab depends on atest2.extract_test_localdata_tab
extract.atest2.three depends on atest2.three
